// Jest Snapshot v1, https://goo.gl/fbAQLP

exports[`<Search /> Renders correctly 1`] = `
<Styled(Container)>
  <Styled(Content)>
    <Connect(SearchBar) />
  </Styled(Content)>
</Styled(Container)>
`;
